// Jest Snapshot v1, https://goo.gl/fbAQLP

exports[`Snapshot testing Pagination Component renders correctly 1`] = `
<div
  className="css-1l9nqp8"
>
  <div
    className="chakra-stack css-1a4j7nd"
  >
    <button
      className="chakra-button css-4xx2wk"
      onClick={[Function]}
      type="button"
    >
      Prev
    </button>
    <button
      className="chakra-button css-4xx2wk"
      onClick={[Function]}
      type="button"
    >
      1
    </button>
    <button
      className="chakra-button css-4xx2wk"
      onClick={[Function]}
      type="button"
    >
      2
    </button>
    <button
      className="chakra-button css-4xx2wk"
      onClick={[Function]}
      type="button"
    >
      3
    </button>
    <button
      className="chakra-button css-4xx2wk"
      onClick={[Function]}
      type="button"
    >
      4
    </button>
    <button
      className="chakra-button css-4xx2wk"
      onClick={[Function]}
      type="button"
    >
      5
    </button>
    <button
      className="chakra-button css-4xx2wk"
      onClick={[Function]}
      type="button"
    >
      6
    </button>
    <button
      className="chakra-button css-4xx2wk"
      onClick={[Function]}
      type="button"
    >
      7
    </button>
    <button
      className="chakra-button css-4xx2wk"
      onClick={[Function]}
      type="button"
    >
      8
    </button>
    <button
      className="chakra-button css-4xx2wk"
      onClick={[Function]}
      type="button"
    >
      9
    </button>
    <button
      className="chakra-button css-4xx2wk"
      onClick={[Function]}
      type="button"
    >
      10
    </button>
    <button
      className="chakra-button css-4xx2wk"
      onClick={[Function]}
      type="button"
    >
      Next
    </button>
  </div>
</div>
`;
